// Jest Snapshot v1, https://goo.gl/fbAQLP

exports[`<LoginPage /> Renders the UI as expected 1`] = `"tree"`;
