// Jest Snapshot v1, https://goo.gl/fbAQLP

exports[`<UserInteractions /> Renders the UI as expected 1`] = `"tree"`;
