// Jest Snapshot v1, https://goo.gl/fbAQLP

exports[`<NoPage /> Renders the UI as expected 1`] = `"tree"`;
